// Jest Snapshot v1, https://goo.gl/fbAQLP

exports[`Storyshots Button with some emoji 1`] = `
<View
  style={
    Object {
      "alignItems": "center",
      "backgroundColor": "#F5FCFF",
      "flex": 1,
      "justifyContent": "center",
    }
  }
>
  <View
    accessible={true}
    focusable={true}
    onClick={[Function]}
    onResponderGrant={[Function]}
    onResponderMove={[Function]}
    onResponderRelease={[Function]}
    onResponderTerminate={[Function]}
    onResponderTerminationRequest={[Function]}
    onStartShouldSetResponder={[Function]}
  >
    <Text>
      üòÄ üòé üëç üíØ
    </Text>
  </View>
</View>
`;

exports[`Storyshots Button with text 1`] = `
<View
  style={
    Object {
      "alignItems": "center",
      "backgroundColor": "#F5FCFF",
      "flex": 1,
      "justifyContent": "center",
    }
  }
>
  <View
    accessible={true}
    focusable={true}
    onClick={[Function]}
    onResponderGrant={[Function]}
    onResponderMove={[Function]}
    onResponderRelease={[Function]}
    onResponderTerminate={[Function]}
    onResponderTerminationRequest={[Function]}
    onStartShouldSetResponder={[Function]}
  >
    <Text>
      Hello Button
    </Text>
  </View>
</View>
`;

exports[`Storyshots ScanButton default 1`] = `
<View
  style={
    Object {
      "alignItems": "center",
      "flex": 1,
      "justifyContent": "center",
    }
  }
>
  <View
    accessible={true}
    focusable={true}
    onClick={[Function]}
    onResponderGrant={[Function]}
    onResponderMove={[Function]}
    onResponderRelease={[Function]}
    onResponderTerminate={[Function]}
    onResponderTerminationRequest={[Function]}
    onStartShouldSetResponder={[Function]}
    style={
      Object {
        "alignItems": "center",
        "backgroundColor": "#310783",
        "borderColor": "#078331",
        "borderRadius": 100,
        "borderWidth": 5,
        "height": 90,
        "justifyContent": "center",
        "marginBottom": 10,
        "opacity": 1,
        "width": 90,
      }
    }
  >
    <Text
      allowFontScaling={false}
      style={
        Array [
          Object {
            "color": "white",
            "fontSize": 50,
          },
          undefined,
          Object {
            "fontFamily": "Ionicons",
            "fontStyle": "normal",
            "fontWeight": "normal",
          },
          Object {},
        ]
      }
    >
      Ôìº
    </Text>
  </View>
  <Modal
    animationType="none"
    deviceHeight={null}
    deviceWidth={null}
    hardwareAccelerated={false}
    hideModalContentWhileAnimating={false}
    onBackdropPress={[Function]}
    onModalHide={[Function]}
    onModalWillHide={[Function]}
    onModalWillShow={[Function]}
    onRequestClose={[Function]}
    scrollHorizontal={false}
    scrollOffset={0}
    scrollOffsetMax={0}
    scrollTo={null}
    supportedOrientations={
      Array [
        "portrait",
        "landscape",
      ]
    }
    swipeThreshold={100}
    transparent={true}
    visible={false}
  >
    <View
      accessible={true}
      focusable={true}
      forwardedRef={[Function]}
      onClick={[Function]}
      onResponderGrant={[Function]}
      onResponderMove={[Function]}
      onResponderRelease={[Function]}
      onResponderTerminate={[Function]}
      onResponderTerminationRequest={[Function]}
      onStartShouldSetResponder={[Function]}
      style={
        Object {
          "backgroundColor": "black",
          "bottom": 0,
          "height": 1334,
          "left": 0,
          "opacity": 0,
          "position": "absolute",
          "right": 0,
          "top": 0,
          "width": 750,
        }
      }
    />
    <View
      deviceHeight={null}
      deviceWidth={null}
      forwardedRef={[Function]}
      hideModalContentWhileAnimating={false}
      onBackdropPress={[Function]}
      onModalHide={[Function]}
      onModalWillHide={[Function]}
      onModalWillShow={[Function]}
      pointerEvents="box-none"
      scrollHorizontal={false}
      scrollOffset={0}
      scrollOffsetMax={0}
      scrollTo={null}
      style={
        Object {
          "flex": 1,
          "justifyContent": "flex-end",
          "margin": 0,
          "marginBottom": 100,
          "transform": Array [
            Object {
              "translateY": 0,
            },
          ],
        }
      }
      supportedOrientations={
        Array [
          "portrait",
          "landscape",
        ]
      }
      swipeThreshold={100}
    >
      <View
        style={
          Object {
            "alignItems": "center",
            "backgroundColor": "white",
            "borderColor": "#078331",
            "borderRadius": 4,
            "justifyContent": "center",
            "padding": 22,
          }
        }
      >
        <View
          style={
            Object {
              "borderRadius": 3,
              "marginVertical": 5,
              "overflow": "hidden",
            }
          }
        >
          <View
            accessibilityRole="button"
            accessibilityState={
              Object {
                "busy": false,
                "disabled": false,
              }
            }
            accessible={true}
            focusable={true}
            onClick={[Function]}
            onResponderGrant={[Function]}
            onResponderMove={[Function]}
            onResponderRelease={[Function]}
            onResponderTerminate={[Function]}
            onResponderTerminationRequest={[Function]}
            onStartShouldSetResponder={[Function]}
            style={
              Object {
                "opacity": 1,
              }
            }
          >
            <View
              style={
                Object {
                  "alignItems": "center",
                  "backgroundColor": "#2089dc",
                  "borderColor": "#2089dc",
                  "borderRadius": 3,
                  "borderWidth": 0,
                  "flexDirection": "row",
                  "justifyContent": "center",
                  "padding": 8,
                }
              }
            >
              <Text
                allowFontScaling={false}
                style={
                  Array [
                    Object {
                      "color": "white",
                      "fontSize": 28,
                    },
                    Object {
                      "left": 40,
                      "position": "absolute",
                    },
                    Object {
                      "fontFamily": "Ionicons",
                      "fontStyle": "normal",
                      "fontWeight": "normal",
                    },
                    Object {},
                  ]
                }
              >
                ÔÜª
              </Text>
              <Text
                style={
                  Object {
                    "color": "white",
                    "fontSize": 18,
                    "paddingVertical": 1,
                    "textAlign": "center",
                  }
                }
              >
                Take an image
              </Text>
            </View>
          </View>
        </View>
        <View
          style={
            Object {
              "borderRadius": 3,
              "marginVertical": 5,
              "overflow": "hidden",
            }
          }
        >
          <View
            accessibilityRole="button"
            accessibilityState={
              Object {
                "busy": false,
                "disabled": false,
              }
            }
            accessible={true}
            focusable={true}
            onClick={[Function]}
            onResponderGrant={[Function]}
            onResponderMove={[Function]}
            onResponderRelease={[Function]}
            onResponderTerminate={[Function]}
            onResponderTerminationRequest={[Function]}
            onStartShouldSetResponder={[Function]}
            style={
              Object {
                "opacity": 1,
              }
            }
          >
            <View
              style={
                Object {
                  "alignItems": "center",
                  "backgroundColor": "#2089dc",
                  "borderColor": "#2089dc",
                  "borderRadius": 3,
                  "borderWidth": 0,
                  "flexDirection": "row",
                  "justifyContent": "center",
                  "padding": 8,
                }
              }
            >
              <Text
                allowFontScaling={false}
                style={
                  Array [
                    Object {
                      "color": "white",
                      "fontSize": 28,
                    },
                    Object {
                      "left": 40,
                      "position": "absolute",
                    },
                    Object {
                      "fontFamily": "Ionicons",
                      "fontStyle": "normal",
                      "fontWeight": "normal",
                    },
                    Object {},
                  ]
                }
              >
                Ôçì
              </Text>
              <Text
                style={
                  Object {
                    "color": "white",
                    "fontSize": 18,
                    "paddingVertical": 1,
                    "textAlign": "center",
                  }
                }
              >
                Select from gallery
              </Text>
            </View>
          </View>
        </View>
      </View>
    </View>
  </Modal>
</View>
`;

exports[`Storyshots Welcome to Storybook 1`] = `
<View
  style={
    Object {
      "flex": 1,
      "justifyContent": "center",
      "padding": 24,
    }
  }
>
  <Text
    style={
      Object {
        "fontSize": 18,
        "marginBottom": 18,
      }
    }
  >
    Welcome to React Native Storybook
  </Text>
  <Text
    style={
      Object {
        "fontSize": 12,
        "lineHeight": 18,
        "marginBottom": 10,
      }
    }
  >
    This is a UI Component development environment for your React Native app. Here you can display and interact with your UI components as stories. A story is a single state of one or more UI components. You can have as many stories as you want. In other words a story is like a visual test case.
  </Text>
  <Text
    style={
      Object {
        "fontSize": 12,
        "lineHeight": 18,
        "marginBottom": 10,
      }
    }
  >
    We have added some stories inside the "storybook/stories" directory for examples. Try editing the "storybook/stories/Welcome.js" file to edit this message.
  </Text>
</View>
`;
